[2025-02-20T23:33:41.478+0000] {processor.py:186} INFO - Started process (PID=37) to work on /opt/airflow/dags/reddit_dag.py
[2025-02-20T23:33:41.479+0000] {processor.py:914} INFO - Processing file /opt/airflow/dags/reddit_dag.py for tasks to queue
[2025-02-20T23:33:41.481+0000] {logging_mixin.py:190} INFO - [2025-02-20T23:33:41.481+0000] {dagbag.py:588} INFO - Filling up the DagBag from /opt/airflow/dags/reddit_dag.py
[2025-02-20T23:33:41.485+0000] {logging_mixin.py:190} INFO - [2025-02-20T23:33:41.484+0000] {dagbag.py:387} ERROR - Failed to import: /opt/airflow/dags/reddit_dag.py
Traceback (most recent call last):
  File "/home/airflow/.local/lib/python3.9/site-packages/airflow/models/dagbag.py", line 383, in parse
    loader.exec_module(new_module)
  File "<frozen importlib._bootstrap_external>", line 850, in exec_module
  File "<frozen importlib._bootstrap>", line 228, in _call_with_frames_removed
  File "/opt/airflow/dags/reddit_dag.py", line 7, in <module>
    from pipelines.reddit_pipeline import reddit_pipeline
ModuleNotFoundError: No module named 'pipelines'
[2025-02-20T23:33:41.485+0000] {processor.py:927} WARNING - No viable dags retrieved from /opt/airflow/dags/reddit_dag.py
[2025-02-20T23:33:41.493+0000] {processor.py:208} INFO - Processing /opt/airflow/dags/reddit_dag.py took 0.018 seconds
[2025-02-20T23:34:11.761+0000] {processor.py:186} INFO - Started process (PID=38) to work on /opt/airflow/dags/reddit_dag.py
[2025-02-20T23:34:11.762+0000] {processor.py:914} INFO - Processing file /opt/airflow/dags/reddit_dag.py for tasks to queue
[2025-02-20T23:34:11.765+0000] {logging_mixin.py:190} INFO - [2025-02-20T23:34:11.764+0000] {dagbag.py:588} INFO - Filling up the DagBag from /opt/airflow/dags/reddit_dag.py
[2025-02-20T23:34:11.770+0000] {logging_mixin.py:190} INFO - [2025-02-20T23:34:11.770+0000] {dagbag.py:387} ERROR - Failed to import: /opt/airflow/dags/reddit_dag.py
Traceback (most recent call last):
  File "/home/airflow/.local/lib/python3.9/site-packages/airflow/models/dagbag.py", line 383, in parse
    loader.exec_module(new_module)
  File "<frozen importlib._bootstrap_external>", line 850, in exec_module
  File "<frozen importlib._bootstrap>", line 228, in _call_with_frames_removed
  File "/opt/airflow/dags/reddit_dag.py", line 7, in <module>
    from pipelines.reddit_pipeline import reddit_pipeline
ModuleNotFoundError: No module named 'pipelines'
[2025-02-20T23:34:11.770+0000] {processor.py:927} WARNING - No viable dags retrieved from /opt/airflow/dags/reddit_dag.py
[2025-02-20T23:34:11.788+0000] {processor.py:208} INFO - Processing /opt/airflow/dags/reddit_dag.py took 0.041 seconds
[2025-02-20T23:34:42.113+0000] {processor.py:186} INFO - Started process (PID=39) to work on /opt/airflow/dags/reddit_dag.py
[2025-02-20T23:34:42.114+0000] {processor.py:914} INFO - Processing file /opt/airflow/dags/reddit_dag.py for tasks to queue
[2025-02-20T23:34:42.116+0000] {logging_mixin.py:190} INFO - [2025-02-20T23:34:42.116+0000] {dagbag.py:588} INFO - Filling up the DagBag from /opt/airflow/dags/reddit_dag.py
[2025-02-20T23:34:42.119+0000] {logging_mixin.py:190} INFO - [2025-02-20T23:34:42.119+0000] {dagbag.py:387} ERROR - Failed to import: /opt/airflow/dags/reddit_dag.py
Traceback (most recent call last):
  File "/home/airflow/.local/lib/python3.9/site-packages/airflow/models/dagbag.py", line 383, in parse
    loader.exec_module(new_module)
  File "<frozen importlib._bootstrap_external>", line 850, in exec_module
  File "<frozen importlib._bootstrap>", line 228, in _call_with_frames_removed
  File "/opt/airflow/dags/reddit_dag.py", line 7, in <module>
    from pipelines.reddit_pipeline import reddit_pipeline
ModuleNotFoundError: No module named 'pipelines'
[2025-02-20T23:34:42.120+0000] {processor.py:927} WARNING - No viable dags retrieved from /opt/airflow/dags/reddit_dag.py
[2025-02-20T23:34:42.132+0000] {processor.py:208} INFO - Processing /opt/airflow/dags/reddit_dag.py took 0.030 seconds
[2025-02-20T23:35:12.485+0000] {processor.py:186} INFO - Started process (PID=40) to work on /opt/airflow/dags/reddit_dag.py
[2025-02-20T23:35:12.486+0000] {processor.py:914} INFO - Processing file /opt/airflow/dags/reddit_dag.py for tasks to queue
[2025-02-20T23:35:12.488+0000] {logging_mixin.py:190} INFO - [2025-02-20T23:35:12.488+0000] {dagbag.py:588} INFO - Filling up the DagBag from /opt/airflow/dags/reddit_dag.py
[2025-02-20T23:35:12.493+0000] {logging_mixin.py:190} INFO - [2025-02-20T23:35:12.492+0000] {dagbag.py:387} ERROR - Failed to import: /opt/airflow/dags/reddit_dag.py
Traceback (most recent call last):
  File "/home/airflow/.local/lib/python3.9/site-packages/airflow/models/dagbag.py", line 383, in parse
    loader.exec_module(new_module)
  File "<frozen importlib._bootstrap_external>", line 850, in exec_module
  File "<frozen importlib._bootstrap>", line 228, in _call_with_frames_removed
  File "/opt/airflow/dags/reddit_dag.py", line 7, in <module>
    from pipelines.reddit_pipeline import reddit_pipeline
ModuleNotFoundError: No module named 'pipelines'
[2025-02-20T23:35:12.493+0000] {processor.py:927} WARNING - No viable dags retrieved from /opt/airflow/dags/reddit_dag.py
[2025-02-20T23:35:12.508+0000] {processor.py:208} INFO - Processing /opt/airflow/dags/reddit_dag.py took 0.032 seconds
[2025-02-20T23:35:42.802+0000] {processor.py:186} INFO - Started process (PID=41) to work on /opt/airflow/dags/reddit_dag.py
[2025-02-20T23:35:42.803+0000] {processor.py:914} INFO - Processing file /opt/airflow/dags/reddit_dag.py for tasks to queue
[2025-02-20T23:35:42.804+0000] {logging_mixin.py:190} INFO - [2025-02-20T23:35:42.804+0000] {dagbag.py:588} INFO - Filling up the DagBag from /opt/airflow/dags/reddit_dag.py
[2025-02-20T23:35:42.809+0000] {logging_mixin.py:190} INFO - [2025-02-20T23:35:42.808+0000] {dagbag.py:387} ERROR - Failed to import: /opt/airflow/dags/reddit_dag.py
Traceback (most recent call last):
  File "/home/airflow/.local/lib/python3.9/site-packages/airflow/models/dagbag.py", line 383, in parse
    loader.exec_module(new_module)
  File "<frozen importlib._bootstrap_external>", line 850, in exec_module
  File "<frozen importlib._bootstrap>", line 228, in _call_with_frames_removed
  File "/opt/airflow/dags/reddit_dag.py", line 7, in <module>
    from pipelines.reddit_pipeline import reddit_pipeline
ModuleNotFoundError: No module named 'pipelines'
[2025-02-20T23:35:42.809+0000] {processor.py:927} WARNING - No viable dags retrieved from /opt/airflow/dags/reddit_dag.py
[2025-02-20T23:35:42.823+0000] {processor.py:208} INFO - Processing /opt/airflow/dags/reddit_dag.py took 0.028 seconds
[2025-02-20T23:36:13.128+0000] {processor.py:186} INFO - Started process (PID=42) to work on /opt/airflow/dags/reddit_dag.py
[2025-02-20T23:36:13.129+0000] {processor.py:914} INFO - Processing file /opt/airflow/dags/reddit_dag.py for tasks to queue
[2025-02-20T23:36:13.131+0000] {logging_mixin.py:190} INFO - [2025-02-20T23:36:13.131+0000] {dagbag.py:588} INFO - Filling up the DagBag from /opt/airflow/dags/reddit_dag.py
[2025-02-20T23:36:13.137+0000] {logging_mixin.py:190} INFO - [2025-02-20T23:36:13.136+0000] {dagbag.py:387} ERROR - Failed to import: /opt/airflow/dags/reddit_dag.py
Traceback (most recent call last):
  File "/home/airflow/.local/lib/python3.9/site-packages/airflow/models/dagbag.py", line 383, in parse
    loader.exec_module(new_module)
  File "<frozen importlib._bootstrap_external>", line 850, in exec_module
  File "<frozen importlib._bootstrap>", line 228, in _call_with_frames_removed
  File "/opt/airflow/dags/reddit_dag.py", line 7, in <module>
    from pipelines.reddit_pipeline import reddit_pipeline
ModuleNotFoundError: No module named 'pipelines'
[2025-02-20T23:36:13.137+0000] {processor.py:927} WARNING - No viable dags retrieved from /opt/airflow/dags/reddit_dag.py
[2025-02-20T23:36:13.151+0000] {processor.py:208} INFO - Processing /opt/airflow/dags/reddit_dag.py took 0.032 seconds
[2025-02-20T23:36:43.463+0000] {processor.py:186} INFO - Started process (PID=43) to work on /opt/airflow/dags/reddit_dag.py
[2025-02-20T23:36:43.464+0000] {processor.py:914} INFO - Processing file /opt/airflow/dags/reddit_dag.py for tasks to queue
[2025-02-20T23:36:43.466+0000] {logging_mixin.py:190} INFO - [2025-02-20T23:36:43.465+0000] {dagbag.py:588} INFO - Filling up the DagBag from /opt/airflow/dags/reddit_dag.py
[2025-02-20T23:36:43.470+0000] {logging_mixin.py:190} INFO - [2025-02-20T23:36:43.469+0000] {dagbag.py:387} ERROR - Failed to import: /opt/airflow/dags/reddit_dag.py
Traceback (most recent call last):
  File "/home/airflow/.local/lib/python3.9/site-packages/airflow/models/dagbag.py", line 383, in parse
    loader.exec_module(new_module)
  File "<frozen importlib._bootstrap_external>", line 850, in exec_module
  File "<frozen importlib._bootstrap>", line 228, in _call_with_frames_removed
  File "/opt/airflow/dags/reddit_dag.py", line 7, in <module>
    from pipelines.reddit_pipeline import reddit_pipeline
ModuleNotFoundError: No module named 'pipelines'
[2025-02-20T23:36:43.470+0000] {processor.py:927} WARNING - No viable dags retrieved from /opt/airflow/dags/reddit_dag.py
[2025-02-20T23:36:43.488+0000] {processor.py:208} INFO - Processing /opt/airflow/dags/reddit_dag.py took 0.033 seconds
[2025-02-20T23:37:13.808+0000] {processor.py:186} INFO - Started process (PID=44) to work on /opt/airflow/dags/reddit_dag.py
[2025-02-20T23:37:13.809+0000] {processor.py:914} INFO - Processing file /opt/airflow/dags/reddit_dag.py for tasks to queue
[2025-02-20T23:37:13.810+0000] {logging_mixin.py:190} INFO - [2025-02-20T23:37:13.810+0000] {dagbag.py:588} INFO - Filling up the DagBag from /opt/airflow/dags/reddit_dag.py
[2025-02-20T23:37:13.815+0000] {logging_mixin.py:190} INFO - [2025-02-20T23:37:13.814+0000] {dagbag.py:387} ERROR - Failed to import: /opt/airflow/dags/reddit_dag.py
Traceback (most recent call last):
  File "/home/airflow/.local/lib/python3.9/site-packages/airflow/models/dagbag.py", line 383, in parse
    loader.exec_module(new_module)
  File "<frozen importlib._bootstrap_external>", line 850, in exec_module
  File "<frozen importlib._bootstrap>", line 228, in _call_with_frames_removed
  File "/opt/airflow/dags/reddit_dag.py", line 7, in <module>
    from pipelines.reddit_pipeline import reddit_pipeline
ModuleNotFoundError: No module named 'pipelines'
[2025-02-20T23:37:13.815+0000] {processor.py:927} WARNING - No viable dags retrieved from /opt/airflow/dags/reddit_dag.py
[2025-02-20T23:37:13.828+0000] {processor.py:208} INFO - Processing /opt/airflow/dags/reddit_dag.py took 0.025 seconds
[2025-02-20T23:37:44.178+0000] {processor.py:186} INFO - Started process (PID=45) to work on /opt/airflow/dags/reddit_dag.py
[2025-02-20T23:37:44.179+0000] {processor.py:914} INFO - Processing file /opt/airflow/dags/reddit_dag.py for tasks to queue
[2025-02-20T23:37:44.181+0000] {logging_mixin.py:190} INFO - [2025-02-20T23:37:44.181+0000] {dagbag.py:588} INFO - Filling up the DagBag from /opt/airflow/dags/reddit_dag.py
[2025-02-20T23:37:44.186+0000] {logging_mixin.py:190} INFO - [2025-02-20T23:37:44.185+0000] {dagbag.py:387} ERROR - Failed to import: /opt/airflow/dags/reddit_dag.py
Traceback (most recent call last):
  File "/home/airflow/.local/lib/python3.9/site-packages/airflow/models/dagbag.py", line 383, in parse
    loader.exec_module(new_module)
  File "<frozen importlib._bootstrap_external>", line 850, in exec_module
  File "<frozen importlib._bootstrap>", line 228, in _call_with_frames_removed
  File "/opt/airflow/dags/reddit_dag.py", line 7, in <module>
    from pipelines.reddit_pipeline import reddit_pipeline
ModuleNotFoundError: No module named 'pipelines'
[2025-02-20T23:37:44.186+0000] {processor.py:927} WARNING - No viable dags retrieved from /opt/airflow/dags/reddit_dag.py
[2025-02-20T23:37:44.199+0000] {processor.py:208} INFO - Processing /opt/airflow/dags/reddit_dag.py took 0.027 seconds
[2025-02-20T23:38:14.510+0000] {processor.py:186} INFO - Started process (PID=46) to work on /opt/airflow/dags/reddit_dag.py
[2025-02-20T23:38:14.511+0000] {processor.py:914} INFO - Processing file /opt/airflow/dags/reddit_dag.py for tasks to queue
[2025-02-20T23:38:14.513+0000] {logging_mixin.py:190} INFO - [2025-02-20T23:38:14.513+0000] {dagbag.py:588} INFO - Filling up the DagBag from /opt/airflow/dags/reddit_dag.py
[2025-02-20T23:38:14.518+0000] {logging_mixin.py:190} INFO - [2025-02-20T23:38:14.517+0000] {dagbag.py:387} ERROR - Failed to import: /opt/airflow/dags/reddit_dag.py
Traceback (most recent call last):
  File "/home/airflow/.local/lib/python3.9/site-packages/airflow/models/dagbag.py", line 383, in parse
    loader.exec_module(new_module)
  File "<frozen importlib._bootstrap_external>", line 850, in exec_module
  File "<frozen importlib._bootstrap>", line 228, in _call_with_frames_removed
  File "/opt/airflow/dags/reddit_dag.py", line 7, in <module>
    from pipelines.reddit_pipeline import reddit_pipeline
ModuleNotFoundError: No module named 'pipelines'
[2025-02-20T23:38:14.518+0000] {processor.py:927} WARNING - No viable dags retrieved from /opt/airflow/dags/reddit_dag.py
[2025-02-20T23:38:14.532+0000] {processor.py:208} INFO - Processing /opt/airflow/dags/reddit_dag.py took 0.029 seconds
[2025-02-20T23:38:44.848+0000] {processor.py:186} INFO - Started process (PID=47) to work on /opt/airflow/dags/reddit_dag.py
[2025-02-20T23:38:44.848+0000] {processor.py:914} INFO - Processing file /opt/airflow/dags/reddit_dag.py for tasks to queue
[2025-02-20T23:38:44.854+0000] {logging_mixin.py:190} INFO - [2025-02-20T23:38:44.853+0000] {dagbag.py:588} INFO - Filling up the DagBag from /opt/airflow/dags/reddit_dag.py
[2025-02-20T23:38:44.870+0000] {logging_mixin.py:190} INFO - [2025-02-20T23:38:44.869+0000] {dagbag.py:387} ERROR - Failed to import: /opt/airflow/dags/reddit_dag.py
Traceback (most recent call last):
  File "/home/airflow/.local/lib/python3.9/site-packages/airflow/models/dagbag.py", line 383, in parse
    loader.exec_module(new_module)
  File "<frozen importlib._bootstrap_external>", line 850, in exec_module
  File "<frozen importlib._bootstrap>", line 228, in _call_with_frames_removed
  File "/opt/airflow/dags/reddit_dag.py", line 7, in <module>
    from pipelines.reddit_pipeline import reddit_pipeline
ModuleNotFoundError: No module named 'pipelines'
[2025-02-20T23:38:44.870+0000] {processor.py:927} WARNING - No viable dags retrieved from /opt/airflow/dags/reddit_dag.py
[2025-02-20T23:38:44.905+0000] {processor.py:208} INFO - Processing /opt/airflow/dags/reddit_dag.py took 0.075 seconds
[2025-02-20T23:39:15.227+0000] {processor.py:186} INFO - Started process (PID=48) to work on /opt/airflow/dags/reddit_dag.py
[2025-02-20T23:39:15.230+0000] {processor.py:914} INFO - Processing file /opt/airflow/dags/reddit_dag.py for tasks to queue
[2025-02-20T23:39:15.243+0000] {logging_mixin.py:190} INFO - [2025-02-20T23:39:15.242+0000] {dagbag.py:588} INFO - Filling up the DagBag from /opt/airflow/dags/reddit_dag.py
[2025-02-20T23:39:15.249+0000] {logging_mixin.py:190} INFO - [2025-02-20T23:39:15.248+0000] {dagbag.py:387} ERROR - Failed to import: /opt/airflow/dags/reddit_dag.py
Traceback (most recent call last):
  File "/home/airflow/.local/lib/python3.9/site-packages/airflow/models/dagbag.py", line 383, in parse
    loader.exec_module(new_module)
  File "<frozen importlib._bootstrap_external>", line 850, in exec_module
  File "<frozen importlib._bootstrap>", line 228, in _call_with_frames_removed
  File "/opt/airflow/dags/reddit_dag.py", line 7, in <module>
    from pipelines.reddit_pipeline import reddit_pipeline
ModuleNotFoundError: No module named 'pipelines'
[2025-02-20T23:39:15.249+0000] {processor.py:927} WARNING - No viable dags retrieved from /opt/airflow/dags/reddit_dag.py
[2025-02-20T23:39:15.265+0000] {processor.py:208} INFO - Processing /opt/airflow/dags/reddit_dag.py took 0.058 seconds
[2025-02-20T23:39:45.595+0000] {processor.py:186} INFO - Started process (PID=49) to work on /opt/airflow/dags/reddit_dag.py
[2025-02-20T23:39:45.595+0000] {processor.py:914} INFO - Processing file /opt/airflow/dags/reddit_dag.py for tasks to queue
[2025-02-20T23:39:45.597+0000] {logging_mixin.py:190} INFO - [2025-02-20T23:39:45.597+0000] {dagbag.py:588} INFO - Filling up the DagBag from /opt/airflow/dags/reddit_dag.py
[2025-02-20T23:39:45.600+0000] {logging_mixin.py:190} INFO - [2025-02-20T23:39:45.600+0000] {dagbag.py:387} ERROR - Failed to import: /opt/airflow/dags/reddit_dag.py
Traceback (most recent call last):
  File "/home/airflow/.local/lib/python3.9/site-packages/airflow/models/dagbag.py", line 383, in parse
    loader.exec_module(new_module)
  File "<frozen importlib._bootstrap_external>", line 850, in exec_module
  File "<frozen importlib._bootstrap>", line 228, in _call_with_frames_removed
  File "/opt/airflow/dags/reddit_dag.py", line 7, in <module>
    from pipelines.reddit_pipeline import reddit_pipeline
ModuleNotFoundError: No module named 'pipelines'
[2025-02-20T23:39:45.601+0000] {processor.py:927} WARNING - No viable dags retrieved from /opt/airflow/dags/reddit_dag.py
[2025-02-20T23:39:45.612+0000] {processor.py:208} INFO - Processing /opt/airflow/dags/reddit_dag.py took 0.040 seconds
[2025-02-20T23:40:15.920+0000] {processor.py:186} INFO - Started process (PID=50) to work on /opt/airflow/dags/reddit_dag.py
[2025-02-20T23:40:15.922+0000] {processor.py:914} INFO - Processing file /opt/airflow/dags/reddit_dag.py for tasks to queue
[2025-02-20T23:40:15.925+0000] {logging_mixin.py:190} INFO - [2025-02-20T23:40:15.924+0000] {dagbag.py:588} INFO - Filling up the DagBag from /opt/airflow/dags/reddit_dag.py
[2025-02-20T23:40:15.932+0000] {logging_mixin.py:190} INFO - [2025-02-20T23:40:15.931+0000] {dagbag.py:387} ERROR - Failed to import: /opt/airflow/dags/reddit_dag.py
Traceback (most recent call last):
  File "/home/airflow/.local/lib/python3.9/site-packages/airflow/models/dagbag.py", line 383, in parse
    loader.exec_module(new_module)
  File "<frozen importlib._bootstrap_external>", line 850, in exec_module
  File "<frozen importlib._bootstrap>", line 228, in _call_with_frames_removed
  File "/opt/airflow/dags/reddit_dag.py", line 7, in <module>
    from pipelines.reddit_pipeline import reddit_pipeline
ModuleNotFoundError: No module named 'pipelines'
[2025-02-20T23:40:15.932+0000] {processor.py:927} WARNING - No viable dags retrieved from /opt/airflow/dags/reddit_dag.py
[2025-02-20T23:40:15.967+0000] {processor.py:208} INFO - Processing /opt/airflow/dags/reddit_dag.py took 0.055 seconds
[2025-02-20T23:40:46.264+0000] {processor.py:186} INFO - Started process (PID=51) to work on /opt/airflow/dags/reddit_dag.py
[2025-02-20T23:40:46.265+0000] {processor.py:914} INFO - Processing file /opt/airflow/dags/reddit_dag.py for tasks to queue
[2025-02-20T23:40:46.266+0000] {logging_mixin.py:190} INFO - [2025-02-20T23:40:46.266+0000] {dagbag.py:588} INFO - Filling up the DagBag from /opt/airflow/dags/reddit_dag.py
[2025-02-20T23:40:46.270+0000] {logging_mixin.py:190} INFO - [2025-02-20T23:40:46.269+0000] {dagbag.py:387} ERROR - Failed to import: /opt/airflow/dags/reddit_dag.py
Traceback (most recent call last):
  File "/home/airflow/.local/lib/python3.9/site-packages/airflow/models/dagbag.py", line 383, in parse
    loader.exec_module(new_module)
  File "<frozen importlib._bootstrap_external>", line 850, in exec_module
  File "<frozen importlib._bootstrap>", line 228, in _call_with_frames_removed
  File "/opt/airflow/dags/reddit_dag.py", line 7, in <module>
    from pipelines.reddit_pipeline import reddit_pipeline
ModuleNotFoundError: No module named 'pipelines'
[2025-02-20T23:40:46.270+0000] {processor.py:927} WARNING - No viable dags retrieved from /opt/airflow/dags/reddit_dag.py
[2025-02-20T23:40:46.281+0000] {processor.py:208} INFO - Processing /opt/airflow/dags/reddit_dag.py took 0.029 seconds
[2025-02-20T23:41:16.538+0000] {processor.py:186} INFO - Started process (PID=52) to work on /opt/airflow/dags/reddit_dag.py
[2025-02-20T23:41:16.539+0000] {processor.py:914} INFO - Processing file /opt/airflow/dags/reddit_dag.py for tasks to queue
[2025-02-20T23:41:16.544+0000] {logging_mixin.py:190} INFO - [2025-02-20T23:41:16.543+0000] {dagbag.py:588} INFO - Filling up the DagBag from /opt/airflow/dags/reddit_dag.py
[2025-02-20T23:41:16.550+0000] {logging_mixin.py:190} INFO - [2025-02-20T23:41:16.549+0000] {dagbag.py:387} ERROR - Failed to import: /opt/airflow/dags/reddit_dag.py
Traceback (most recent call last):
  File "/home/airflow/.local/lib/python3.9/site-packages/airflow/models/dagbag.py", line 383, in parse
    loader.exec_module(new_module)
  File "<frozen importlib._bootstrap_external>", line 850, in exec_module
  File "<frozen importlib._bootstrap>", line 228, in _call_with_frames_removed
  File "/opt/airflow/dags/reddit_dag.py", line 7, in <module>
    from pipelines.reddit_pipeline import reddit_pipeline
ModuleNotFoundError: No module named 'pipelines'
[2025-02-20T23:41:16.551+0000] {processor.py:927} WARNING - No viable dags retrieved from /opt/airflow/dags/reddit_dag.py
[2025-02-20T23:41:16.599+0000] {processor.py:208} INFO - Processing /opt/airflow/dags/reddit_dag.py took 0.069 seconds
[2025-02-20T23:41:46.813+0000] {processor.py:186} INFO - Started process (PID=53) to work on /opt/airflow/dags/reddit_dag.py
[2025-02-20T23:41:46.814+0000] {processor.py:914} INFO - Processing file /opt/airflow/dags/reddit_dag.py for tasks to queue
[2025-02-20T23:41:46.817+0000] {logging_mixin.py:190} INFO - [2025-02-20T23:41:46.816+0000] {dagbag.py:588} INFO - Filling up the DagBag from /opt/airflow/dags/reddit_dag.py
[2025-02-20T23:41:46.820+0000] {logging_mixin.py:190} INFO - [2025-02-20T23:41:46.819+0000] {dagbag.py:387} ERROR - Failed to import: /opt/airflow/dags/reddit_dag.py
Traceback (most recent call last):
  File "/home/airflow/.local/lib/python3.9/site-packages/airflow/models/dagbag.py", line 383, in parse
    loader.exec_module(new_module)
  File "<frozen importlib._bootstrap_external>", line 850, in exec_module
  File "<frozen importlib._bootstrap>", line 228, in _call_with_frames_removed
  File "/opt/airflow/dags/reddit_dag.py", line 7, in <module>
    from pipelines.reddit_pipeline import reddit_pipeline
ModuleNotFoundError: No module named 'pipelines'
[2025-02-20T23:41:46.820+0000] {processor.py:927} WARNING - No viable dags retrieved from /opt/airflow/dags/reddit_dag.py
[2025-02-20T23:41:46.833+0000] {processor.py:208} INFO - Processing /opt/airflow/dags/reddit_dag.py took 0.030 seconds
[2025-02-20T23:42:17.064+0000] {processor.py:186} INFO - Started process (PID=54) to work on /opt/airflow/dags/reddit_dag.py
[2025-02-20T23:42:17.066+0000] {processor.py:914} INFO - Processing file /opt/airflow/dags/reddit_dag.py for tasks to queue
[2025-02-20T23:42:17.068+0000] {logging_mixin.py:190} INFO - [2025-02-20T23:42:17.068+0000] {dagbag.py:588} INFO - Filling up the DagBag from /opt/airflow/dags/reddit_dag.py
[2025-02-20T23:42:17.072+0000] {logging_mixin.py:190} INFO - [2025-02-20T23:42:17.071+0000] {dagbag.py:387} ERROR - Failed to import: /opt/airflow/dags/reddit_dag.py
Traceback (most recent call last):
  File "/home/airflow/.local/lib/python3.9/site-packages/airflow/models/dagbag.py", line 383, in parse
    loader.exec_module(new_module)
  File "<frozen importlib._bootstrap_external>", line 850, in exec_module
  File "<frozen importlib._bootstrap>", line 228, in _call_with_frames_removed
  File "/opt/airflow/dags/reddit_dag.py", line 7, in <module>
    from pipelines.reddit_pipeline import reddit_pipeline
ModuleNotFoundError: No module named 'pipelines'
[2025-02-20T23:42:17.072+0000] {processor.py:927} WARNING - No viable dags retrieved from /opt/airflow/dags/reddit_dag.py
[2025-02-20T23:42:17.086+0000] {processor.py:208} INFO - Processing /opt/airflow/dags/reddit_dag.py took 0.029 seconds
[2025-02-20T23:42:47.354+0000] {processor.py:186} INFO - Started process (PID=55) to work on /opt/airflow/dags/reddit_dag.py
[2025-02-20T23:42:47.354+0000] {processor.py:914} INFO - Processing file /opt/airflow/dags/reddit_dag.py for tasks to queue
[2025-02-20T23:42:47.357+0000] {logging_mixin.py:190} INFO - [2025-02-20T23:42:47.357+0000] {dagbag.py:588} INFO - Filling up the DagBag from /opt/airflow/dags/reddit_dag.py
[2025-02-20T23:42:47.362+0000] {logging_mixin.py:190} INFO - [2025-02-20T23:42:47.361+0000] {dagbag.py:387} ERROR - Failed to import: /opt/airflow/dags/reddit_dag.py
Traceback (most recent call last):
  File "/home/airflow/.local/lib/python3.9/site-packages/airflow/models/dagbag.py", line 383, in parse
    loader.exec_module(new_module)
  File "<frozen importlib._bootstrap_external>", line 850, in exec_module
  File "<frozen importlib._bootstrap>", line 228, in _call_with_frames_removed
  File "/opt/airflow/dags/reddit_dag.py", line 7, in <module>
    from pipelines.reddit_pipeline import reddit_pipeline
ModuleNotFoundError: No module named 'pipelines'
[2025-02-20T23:42:47.362+0000] {processor.py:927} WARNING - No viable dags retrieved from /opt/airflow/dags/reddit_dag.py
[2025-02-20T23:42:47.376+0000] {processor.py:208} INFO - Processing /opt/airflow/dags/reddit_dag.py took 0.028 seconds
[2025-02-20T23:43:17.683+0000] {processor.py:186} INFO - Started process (PID=56) to work on /opt/airflow/dags/reddit_dag.py
[2025-02-20T23:43:17.684+0000] {processor.py:914} INFO - Processing file /opt/airflow/dags/reddit_dag.py for tasks to queue
[2025-02-20T23:43:17.686+0000] {logging_mixin.py:190} INFO - [2025-02-20T23:43:17.686+0000] {dagbag.py:588} INFO - Filling up the DagBag from /opt/airflow/dags/reddit_dag.py
[2025-02-20T23:43:17.692+0000] {logging_mixin.py:190} INFO - [2025-02-20T23:43:17.691+0000] {dagbag.py:387} ERROR - Failed to import: /opt/airflow/dags/reddit_dag.py
Traceback (most recent call last):
  File "/home/airflow/.local/lib/python3.9/site-packages/airflow/models/dagbag.py", line 383, in parse
    loader.exec_module(new_module)
  File "<frozen importlib._bootstrap_external>", line 850, in exec_module
  File "<frozen importlib._bootstrap>", line 228, in _call_with_frames_removed
  File "/opt/airflow/dags/reddit_dag.py", line 7, in <module>
    from pipelines.reddit_pipeline import reddit_pipeline
ModuleNotFoundError: No module named 'pipelines'
[2025-02-20T23:43:17.692+0000] {processor.py:927} WARNING - No viable dags retrieved from /opt/airflow/dags/reddit_dag.py
[2025-02-20T23:43:17.706+0000] {processor.py:208} INFO - Processing /opt/airflow/dags/reddit_dag.py took 0.035 seconds
[2025-02-20T23:43:47.997+0000] {processor.py:186} INFO - Started process (PID=57) to work on /opt/airflow/dags/reddit_dag.py
[2025-02-20T23:43:47.997+0000] {processor.py:914} INFO - Processing file /opt/airflow/dags/reddit_dag.py for tasks to queue
[2025-02-20T23:43:48.000+0000] {logging_mixin.py:190} INFO - [2025-02-20T23:43:48.000+0000] {dagbag.py:588} INFO - Filling up the DagBag from /opt/airflow/dags/reddit_dag.py
[2025-02-20T23:43:48.005+0000] {logging_mixin.py:190} INFO - [2025-02-20T23:43:48.004+0000] {dagbag.py:387} ERROR - Failed to import: /opt/airflow/dags/reddit_dag.py
Traceback (most recent call last):
  File "/home/airflow/.local/lib/python3.9/site-packages/airflow/models/dagbag.py", line 383, in parse
    loader.exec_module(new_module)
  File "<frozen importlib._bootstrap_external>", line 850, in exec_module
  File "<frozen importlib._bootstrap>", line 228, in _call_with_frames_removed
  File "/opt/airflow/dags/reddit_dag.py", line 7, in <module>
    from pipelines.reddit_pipeline import reddit_pipeline
ModuleNotFoundError: No module named 'pipelines'
[2025-02-20T23:43:48.005+0000] {processor.py:927} WARNING - No viable dags retrieved from /opt/airflow/dags/reddit_dag.py
[2025-02-20T23:43:48.018+0000] {processor.py:208} INFO - Processing /opt/airflow/dags/reddit_dag.py took 0.030 seconds
[2025-02-20T23:44:18.349+0000] {processor.py:186} INFO - Started process (PID=58) to work on /opt/airflow/dags/reddit_dag.py
[2025-02-20T23:44:18.350+0000] {processor.py:914} INFO - Processing file /opt/airflow/dags/reddit_dag.py for tasks to queue
[2025-02-20T23:44:18.353+0000] {logging_mixin.py:190} INFO - [2025-02-20T23:44:18.352+0000] {dagbag.py:588} INFO - Filling up the DagBag from /opt/airflow/dags/reddit_dag.py
[2025-02-20T23:44:18.358+0000] {logging_mixin.py:190} INFO - [2025-02-20T23:44:18.357+0000] {dagbag.py:387} ERROR - Failed to import: /opt/airflow/dags/reddit_dag.py
Traceback (most recent call last):
  File "/home/airflow/.local/lib/python3.9/site-packages/airflow/models/dagbag.py", line 383, in parse
    loader.exec_module(new_module)
  File "<frozen importlib._bootstrap_external>", line 850, in exec_module
  File "<frozen importlib._bootstrap>", line 228, in _call_with_frames_removed
  File "/opt/airflow/dags/reddit_dag.py", line 7, in <module>
    from pipelines.reddit_pipeline import reddit_pipeline
ModuleNotFoundError: No module named 'pipelines'
[2025-02-20T23:44:18.358+0000] {processor.py:927} WARNING - No viable dags retrieved from /opt/airflow/dags/reddit_dag.py
[2025-02-20T23:44:18.371+0000] {processor.py:208} INFO - Processing /opt/airflow/dags/reddit_dag.py took 0.030 seconds
[2025-02-20T23:44:48.738+0000] {processor.py:186} INFO - Started process (PID=59) to work on /opt/airflow/dags/reddit_dag.py
[2025-02-20T23:44:48.739+0000] {processor.py:914} INFO - Processing file /opt/airflow/dags/reddit_dag.py for tasks to queue
[2025-02-20T23:44:48.742+0000] {logging_mixin.py:190} INFO - [2025-02-20T23:44:48.742+0000] {dagbag.py:588} INFO - Filling up the DagBag from /opt/airflow/dags/reddit_dag.py
[2025-02-20T23:44:48.747+0000] {logging_mixin.py:190} INFO - [2025-02-20T23:44:48.746+0000] {dagbag.py:387} ERROR - Failed to import: /opt/airflow/dags/reddit_dag.py
Traceback (most recent call last):
  File "/home/airflow/.local/lib/python3.9/site-packages/airflow/models/dagbag.py", line 383, in parse
    loader.exec_module(new_module)
  File "<frozen importlib._bootstrap_external>", line 850, in exec_module
  File "<frozen importlib._bootstrap>", line 228, in _call_with_frames_removed
  File "/opt/airflow/dags/reddit_dag.py", line 7, in <module>
    from pipelines.reddit_pipeline import reddit_pipeline
ModuleNotFoundError: No module named 'pipelines'
[2025-02-20T23:44:48.747+0000] {processor.py:927} WARNING - No viable dags retrieved from /opt/airflow/dags/reddit_dag.py
[2025-02-20T23:44:48.761+0000] {processor.py:208} INFO - Processing /opt/airflow/dags/reddit_dag.py took 0.034 seconds
[2025-02-20T23:45:19.146+0000] {processor.py:186} INFO - Started process (PID=60) to work on /opt/airflow/dags/reddit_dag.py
[2025-02-20T23:45:19.147+0000] {processor.py:914} INFO - Processing file /opt/airflow/dags/reddit_dag.py for tasks to queue
[2025-02-20T23:45:19.151+0000] {logging_mixin.py:190} INFO - [2025-02-20T23:45:19.150+0000] {dagbag.py:588} INFO - Filling up the DagBag from /opt/airflow/dags/reddit_dag.py
[2025-02-20T23:45:19.158+0000] {logging_mixin.py:190} INFO - [2025-02-20T23:45:19.157+0000] {dagbag.py:387} ERROR - Failed to import: /opt/airflow/dags/reddit_dag.py
Traceback (most recent call last):
  File "/home/airflow/.local/lib/python3.9/site-packages/airflow/models/dagbag.py", line 383, in parse
    loader.exec_module(new_module)
  File "<frozen importlib._bootstrap_external>", line 850, in exec_module
  File "<frozen importlib._bootstrap>", line 228, in _call_with_frames_removed
  File "/opt/airflow/dags/reddit_dag.py", line 7, in <module>
    from pipelines.reddit_pipeline import reddit_pipeline
ModuleNotFoundError: No module named 'pipelines'
[2025-02-20T23:45:19.158+0000] {processor.py:927} WARNING - No viable dags retrieved from /opt/airflow/dags/reddit_dag.py
[2025-02-20T23:45:19.189+0000] {processor.py:208} INFO - Processing /opt/airflow/dags/reddit_dag.py took 0.055 seconds
[2025-02-20T23:45:49.523+0000] {processor.py:186} INFO - Started process (PID=61) to work on /opt/airflow/dags/reddit_dag.py
[2025-02-20T23:45:49.523+0000] {processor.py:914} INFO - Processing file /opt/airflow/dags/reddit_dag.py for tasks to queue
[2025-02-20T23:45:49.535+0000] {logging_mixin.py:190} INFO - [2025-02-20T23:45:49.533+0000] {dagbag.py:588} INFO - Filling up the DagBag from /opt/airflow/dags/reddit_dag.py
[2025-02-20T23:45:49.542+0000] {logging_mixin.py:190} INFO - [2025-02-20T23:45:49.541+0000] {dagbag.py:387} ERROR - Failed to import: /opt/airflow/dags/reddit_dag.py
Traceback (most recent call last):
  File "/home/airflow/.local/lib/python3.9/site-packages/airflow/models/dagbag.py", line 383, in parse
    loader.exec_module(new_module)
  File "<frozen importlib._bootstrap_external>", line 850, in exec_module
  File "<frozen importlib._bootstrap>", line 228, in _call_with_frames_removed
  File "/opt/airflow/dags/reddit_dag.py", line 7, in <module>
    from pipelines.reddit_pipeline import reddit_pipeline
ModuleNotFoundError: No module named 'pipelines'
[2025-02-20T23:45:49.543+0000] {processor.py:927} WARNING - No viable dags retrieved from /opt/airflow/dags/reddit_dag.py
[2025-02-20T23:45:49.567+0000] {processor.py:208} INFO - Processing /opt/airflow/dags/reddit_dag.py took 0.057 seconds
[2025-02-20T23:46:19.875+0000] {processor.py:186} INFO - Started process (PID=62) to work on /opt/airflow/dags/reddit_dag.py
[2025-02-20T23:46:19.876+0000] {processor.py:914} INFO - Processing file /opt/airflow/dags/reddit_dag.py for tasks to queue
[2025-02-20T23:46:19.878+0000] {logging_mixin.py:190} INFO - [2025-02-20T23:46:19.877+0000] {dagbag.py:588} INFO - Filling up the DagBag from /opt/airflow/dags/reddit_dag.py
[2025-02-20T23:46:19.882+0000] {logging_mixin.py:190} INFO - [2025-02-20T23:46:19.881+0000] {dagbag.py:387} ERROR - Failed to import: /opt/airflow/dags/reddit_dag.py
Traceback (most recent call last):
  File "/home/airflow/.local/lib/python3.9/site-packages/airflow/models/dagbag.py", line 383, in parse
    loader.exec_module(new_module)
  File "<frozen importlib._bootstrap_external>", line 850, in exec_module
  File "<frozen importlib._bootstrap>", line 228, in _call_with_frames_removed
  File "/opt/airflow/dags/reddit_dag.py", line 7, in <module>
    from pipelines.reddit_pipeline import reddit_pipeline
ModuleNotFoundError: No module named 'pipelines'
[2025-02-20T23:46:19.882+0000] {processor.py:927} WARNING - No viable dags retrieved from /opt/airflow/dags/reddit_dag.py
[2025-02-20T23:46:19.897+0000] {processor.py:208} INFO - Processing /opt/airflow/dags/reddit_dag.py took 0.030 seconds
[2025-02-20T23:46:50.250+0000] {processor.py:186} INFO - Started process (PID=63) to work on /opt/airflow/dags/reddit_dag.py
[2025-02-20T23:46:50.251+0000] {processor.py:914} INFO - Processing file /opt/airflow/dags/reddit_dag.py for tasks to queue
[2025-02-20T23:46:50.258+0000] {logging_mixin.py:190} INFO - [2025-02-20T23:46:50.257+0000] {dagbag.py:588} INFO - Filling up the DagBag from /opt/airflow/dags/reddit_dag.py
[2025-02-20T23:46:50.268+0000] {logging_mixin.py:190} INFO - [2025-02-20T23:46:50.267+0000] {dagbag.py:387} ERROR - Failed to import: /opt/airflow/dags/reddit_dag.py
Traceback (most recent call last):
  File "/home/airflow/.local/lib/python3.9/site-packages/airflow/models/dagbag.py", line 383, in parse
    loader.exec_module(new_module)
  File "<frozen importlib._bootstrap_external>", line 850, in exec_module
  File "<frozen importlib._bootstrap>", line 228, in _call_with_frames_removed
  File "/opt/airflow/dags/reddit_dag.py", line 7, in <module>
    from pipelines.reddit_pipeline import reddit_pipeline
ModuleNotFoundError: No module named 'pipelines'
[2025-02-20T23:46:50.269+0000] {processor.py:927} WARNING - No viable dags retrieved from /opt/airflow/dags/reddit_dag.py
[2025-02-20T23:46:50.289+0000] {processor.py:208} INFO - Processing /opt/airflow/dags/reddit_dag.py took 0.058 seconds
[2025-02-20T23:47:20.645+0000] {processor.py:186} INFO - Started process (PID=64) to work on /opt/airflow/dags/reddit_dag.py
[2025-02-20T23:47:20.646+0000] {processor.py:914} INFO - Processing file /opt/airflow/dags/reddit_dag.py for tasks to queue
[2025-02-20T23:47:20.649+0000] {logging_mixin.py:190} INFO - [2025-02-20T23:47:20.649+0000] {dagbag.py:588} INFO - Filling up the DagBag from /opt/airflow/dags/reddit_dag.py
[2025-02-20T23:47:20.654+0000] {logging_mixin.py:190} INFO - [2025-02-20T23:47:20.653+0000] {dagbag.py:387} ERROR - Failed to import: /opt/airflow/dags/reddit_dag.py
Traceback (most recent call last):
  File "/home/airflow/.local/lib/python3.9/site-packages/airflow/models/dagbag.py", line 383, in parse
    loader.exec_module(new_module)
  File "<frozen importlib._bootstrap_external>", line 850, in exec_module
  File "<frozen importlib._bootstrap>", line 228, in _call_with_frames_removed
  File "/opt/airflow/dags/reddit_dag.py", line 7, in <module>
    from pipelines.reddit_pipeline import reddit_pipeline
ModuleNotFoundError: No module named 'pipelines'
[2025-02-20T23:47:20.654+0000] {processor.py:927} WARNING - No viable dags retrieved from /opt/airflow/dags/reddit_dag.py
[2025-02-20T23:47:20.670+0000] {processor.py:208} INFO - Processing /opt/airflow/dags/reddit_dag.py took 0.037 seconds
[2025-02-20T23:47:51.038+0000] {processor.py:186} INFO - Started process (PID=65) to work on /opt/airflow/dags/reddit_dag.py
[2025-02-20T23:47:51.039+0000] {processor.py:914} INFO - Processing file /opt/airflow/dags/reddit_dag.py for tasks to queue
[2025-02-20T23:47:51.041+0000] {logging_mixin.py:190} INFO - [2025-02-20T23:47:51.041+0000] {dagbag.py:588} INFO - Filling up the DagBag from /opt/airflow/dags/reddit_dag.py
[2025-02-20T23:47:51.047+0000] {logging_mixin.py:190} INFO - [2025-02-20T23:47:51.046+0000] {dagbag.py:387} ERROR - Failed to import: /opt/airflow/dags/reddit_dag.py
Traceback (most recent call last):
  File "/home/airflow/.local/lib/python3.9/site-packages/airflow/models/dagbag.py", line 383, in parse
    loader.exec_module(new_module)
  File "<frozen importlib._bootstrap_external>", line 850, in exec_module
  File "<frozen importlib._bootstrap>", line 228, in _call_with_frames_removed
  File "/opt/airflow/dags/reddit_dag.py", line 7, in <module>
    from pipelines.reddit_pipeline import reddit_pipeline
ModuleNotFoundError: No module named 'pipelines'
[2025-02-20T23:47:51.047+0000] {processor.py:927} WARNING - No viable dags retrieved from /opt/airflow/dags/reddit_dag.py
[2025-02-20T23:47:51.083+0000] {processor.py:208} INFO - Processing /opt/airflow/dags/reddit_dag.py took 0.055 seconds
[2025-02-20T23:48:21.381+0000] {processor.py:186} INFO - Started process (PID=66) to work on /opt/airflow/dags/reddit_dag.py
[2025-02-20T23:48:21.382+0000] {processor.py:914} INFO - Processing file /opt/airflow/dags/reddit_dag.py for tasks to queue
[2025-02-20T23:48:21.385+0000] {logging_mixin.py:190} INFO - [2025-02-20T23:48:21.385+0000] {dagbag.py:588} INFO - Filling up the DagBag from /opt/airflow/dags/reddit_dag.py
[2025-02-20T23:48:21.391+0000] {logging_mixin.py:190} INFO - [2025-02-20T23:48:21.390+0000] {dagbag.py:387} ERROR - Failed to import: /opt/airflow/dags/reddit_dag.py
Traceback (most recent call last):
  File "/home/airflow/.local/lib/python3.9/site-packages/airflow/models/dagbag.py", line 383, in parse
    loader.exec_module(new_module)
  File "<frozen importlib._bootstrap_external>", line 850, in exec_module
  File "<frozen importlib._bootstrap>", line 228, in _call_with_frames_removed
  File "/opt/airflow/dags/reddit_dag.py", line 7, in <module>
    from pipelines.reddit_pipeline import reddit_pipeline
ModuleNotFoundError: No module named 'pipelines'
[2025-02-20T23:48:21.391+0000] {processor.py:927} WARNING - No viable dags retrieved from /opt/airflow/dags/reddit_dag.py
[2025-02-20T23:48:21.408+0000] {processor.py:208} INFO - Processing /opt/airflow/dags/reddit_dag.py took 0.037 seconds
[2025-02-20T23:48:51.703+0000] {processor.py:186} INFO - Started process (PID=67) to work on /opt/airflow/dags/reddit_dag.py
[2025-02-20T23:48:51.703+0000] {processor.py:914} INFO - Processing file /opt/airflow/dags/reddit_dag.py for tasks to queue
[2025-02-20T23:48:51.705+0000] {logging_mixin.py:190} INFO - [2025-02-20T23:48:51.704+0000] {dagbag.py:588} INFO - Filling up the DagBag from /opt/airflow/dags/reddit_dag.py
[2025-02-20T23:48:51.708+0000] {logging_mixin.py:190} INFO - [2025-02-20T23:48:51.707+0000] {dagbag.py:387} ERROR - Failed to import: /opt/airflow/dags/reddit_dag.py
Traceback (most recent call last):
  File "/home/airflow/.local/lib/python3.9/site-packages/airflow/models/dagbag.py", line 383, in parse
    loader.exec_module(new_module)
  File "<frozen importlib._bootstrap_external>", line 850, in exec_module
  File "<frozen importlib._bootstrap>", line 228, in _call_with_frames_removed
  File "/opt/airflow/dags/reddit_dag.py", line 7, in <module>
    from pipelines.reddit_pipeline import reddit_pipeline
ModuleNotFoundError: No module named 'pipelines'
[2025-02-20T23:48:51.708+0000] {processor.py:927} WARNING - No viable dags retrieved from /opt/airflow/dags/reddit_dag.py
[2025-02-20T23:48:51.722+0000] {processor.py:208} INFO - Processing /opt/airflow/dags/reddit_dag.py took 0.027 seconds
[2025-02-20T23:49:22.082+0000] {processor.py:186} INFO - Started process (PID=68) to work on /opt/airflow/dags/reddit_dag.py
[2025-02-20T23:49:22.087+0000] {processor.py:914} INFO - Processing file /opt/airflow/dags/reddit_dag.py for tasks to queue
[2025-02-20T23:49:22.105+0000] {logging_mixin.py:190} INFO - [2025-02-20T23:49:22.102+0000] {dagbag.py:588} INFO - Filling up the DagBag from /opt/airflow/dags/reddit_dag.py
[2025-02-20T23:49:22.116+0000] {logging_mixin.py:190} INFO - [2025-02-20T23:49:22.115+0000] {dagbag.py:387} ERROR - Failed to import: /opt/airflow/dags/reddit_dag.py
Traceback (most recent call last):
  File "/home/airflow/.local/lib/python3.9/site-packages/airflow/models/dagbag.py", line 383, in parse
    loader.exec_module(new_module)
  File "<frozen importlib._bootstrap_external>", line 850, in exec_module
  File "<frozen importlib._bootstrap>", line 228, in _call_with_frames_removed
  File "/opt/airflow/dags/reddit_dag.py", line 7, in <module>
    from pipelines.reddit_pipeline import reddit_pipeline
ModuleNotFoundError: No module named 'pipelines'
[2025-02-20T23:49:22.116+0000] {processor.py:927} WARNING - No viable dags retrieved from /opt/airflow/dags/reddit_dag.py
[2025-02-20T23:49:22.133+0000] {processor.py:208} INFO - Processing /opt/airflow/dags/reddit_dag.py took 0.071 seconds
[2025-02-20T23:49:28.219+0000] {processor.py:186} INFO - Started process (PID=69) to work on /opt/airflow/dags/reddit_dag.py
[2025-02-20T23:49:28.220+0000] {processor.py:914} INFO - Processing file /opt/airflow/dags/reddit_dag.py for tasks to queue
[2025-02-20T23:49:28.221+0000] {logging_mixin.py:190} INFO - [2025-02-20T23:49:28.221+0000] {dagbag.py:588} INFO - Filling up the DagBag from /opt/airflow/dags/reddit_dag.py
[2025-02-20T23:49:28.226+0000] {logging_mixin.py:190} INFO - [2025-02-20T23:49:28.225+0000] {dagbag.py:387} ERROR - Failed to import: /opt/airflow/dags/reddit_dag.py
Traceback (most recent call last):
  File "/home/airflow/.local/lib/python3.9/site-packages/airflow/models/dagbag.py", line 383, in parse
    loader.exec_module(new_module)
  File "<frozen importlib._bootstrap_external>", line 850, in exec_module
  File "<frozen importlib._bootstrap>", line 228, in _call_with_frames_removed
  File "/opt/airflow/dags/reddit_dag.py", line 10, in <module>
    from pipelines.reddit_pipeline import reddit_pipeline
ModuleNotFoundError: No module named 'pipelines'
[2025-02-20T23:49:28.226+0000] {processor.py:927} WARNING - No viable dags retrieved from /opt/airflow/dags/reddit_dag.py
[2025-02-20T23:49:28.240+0000] {processor.py:208} INFO - Processing /opt/airflow/dags/reddit_dag.py took 0.025 seconds
[2025-02-20T23:49:58.593+0000] {processor.py:186} INFO - Started process (PID=70) to work on /opt/airflow/dags/reddit_dag.py
[2025-02-20T23:49:58.594+0000] {processor.py:914} INFO - Processing file /opt/airflow/dags/reddit_dag.py for tasks to queue
[2025-02-20T23:49:58.596+0000] {logging_mixin.py:190} INFO - [2025-02-20T23:49:58.596+0000] {dagbag.py:588} INFO - Filling up the DagBag from /opt/airflow/dags/reddit_dag.py
[2025-02-20T23:49:58.600+0000] {logging_mixin.py:190} INFO - [2025-02-20T23:49:58.600+0000] {dagbag.py:387} ERROR - Failed to import: /opt/airflow/dags/reddit_dag.py
Traceback (most recent call last):
  File "/home/airflow/.local/lib/python3.9/site-packages/airflow/models/dagbag.py", line 383, in parse
    loader.exec_module(new_module)
  File "<frozen importlib._bootstrap_external>", line 850, in exec_module
  File "<frozen importlib._bootstrap>", line 228, in _call_with_frames_removed
  File "/opt/airflow/dags/reddit_dag.py", line 10, in <module>
    from pipelines.reddit_pipeline import reddit_pipeline
ModuleNotFoundError: No module named 'pipelines'
[2025-02-20T23:49:58.601+0000] {processor.py:927} WARNING - No viable dags retrieved from /opt/airflow/dags/reddit_dag.py
[2025-02-20T23:49:58.612+0000] {processor.py:208} INFO - Processing /opt/airflow/dags/reddit_dag.py took 0.025 seconds
[2025-02-20T23:50:28.946+0000] {processor.py:186} INFO - Started process (PID=71) to work on /opt/airflow/dags/reddit_dag.py
[2025-02-20T23:50:28.947+0000] {processor.py:914} INFO - Processing file /opt/airflow/dags/reddit_dag.py for tasks to queue
[2025-02-20T23:50:28.950+0000] {logging_mixin.py:190} INFO - [2025-02-20T23:50:28.949+0000] {dagbag.py:588} INFO - Filling up the DagBag from /opt/airflow/dags/reddit_dag.py
[2025-02-20T23:50:28.963+0000] {logging_mixin.py:190} INFO - [2025-02-20T23:50:28.961+0000] {dagbag.py:387} ERROR - Failed to import: /opt/airflow/dags/reddit_dag.py
Traceback (most recent call last):
  File "/home/airflow/.local/lib/python3.9/site-packages/airflow/models/dagbag.py", line 383, in parse
    loader.exec_module(new_module)
  File "<frozen importlib._bootstrap_external>", line 850, in exec_module
  File "<frozen importlib._bootstrap>", line 228, in _call_with_frames_removed
  File "/opt/airflow/dags/reddit_dag.py", line 10, in <module>
    from pipelines.reddit_pipeline import reddit_pipeline
ModuleNotFoundError: No module named 'pipelines'
[2025-02-20T23:50:28.964+0000] {processor.py:927} WARNING - No viable dags retrieved from /opt/airflow/dags/reddit_dag.py
[2025-02-20T23:50:28.991+0000] {processor.py:208} INFO - Processing /opt/airflow/dags/reddit_dag.py took 0.052 seconds
[2025-02-20T23:50:59.332+0000] {processor.py:186} INFO - Started process (PID=72) to work on /opt/airflow/dags/reddit_dag.py
[2025-02-20T23:50:59.333+0000] {processor.py:914} INFO - Processing file /opt/airflow/dags/reddit_dag.py for tasks to queue
[2025-02-20T23:50:59.335+0000] {logging_mixin.py:190} INFO - [2025-02-20T23:50:59.335+0000] {dagbag.py:588} INFO - Filling up the DagBag from /opt/airflow/dags/reddit_dag.py
[2025-02-20T23:50:59.340+0000] {logging_mixin.py:190} INFO - [2025-02-20T23:50:59.339+0000] {dagbag.py:387} ERROR - Failed to import: /opt/airflow/dags/reddit_dag.py
Traceback (most recent call last):
  File "/home/airflow/.local/lib/python3.9/site-packages/airflow/models/dagbag.py", line 383, in parse
    loader.exec_module(new_module)
  File "<frozen importlib._bootstrap_external>", line 850, in exec_module
  File "<frozen importlib._bootstrap>", line 228, in _call_with_frames_removed
  File "/opt/airflow/dags/reddit_dag.py", line 10, in <module>
    from pipelines.reddit_pipeline import reddit_pipeline
ModuleNotFoundError: No module named 'pipelines'
[2025-02-20T23:50:59.340+0000] {processor.py:927} WARNING - No viable dags retrieved from /opt/airflow/dags/reddit_dag.py
[2025-02-20T23:50:59.353+0000] {processor.py:208} INFO - Processing /opt/airflow/dags/reddit_dag.py took 0.028 seconds
[2025-02-20T23:51:29.728+0000] {processor.py:186} INFO - Started process (PID=73) to work on /opt/airflow/dags/reddit_dag.py
[2025-02-20T23:51:29.729+0000] {processor.py:914} INFO - Processing file /opt/airflow/dags/reddit_dag.py for tasks to queue
[2025-02-20T23:51:29.732+0000] {logging_mixin.py:190} INFO - [2025-02-20T23:51:29.732+0000] {dagbag.py:588} INFO - Filling up the DagBag from /opt/airflow/dags/reddit_dag.py
[2025-02-20T23:51:29.737+0000] {logging_mixin.py:190} INFO - [2025-02-20T23:51:29.737+0000] {dagbag.py:387} ERROR - Failed to import: /opt/airflow/dags/reddit_dag.py
Traceback (most recent call last):
  File "/home/airflow/.local/lib/python3.9/site-packages/airflow/models/dagbag.py", line 383, in parse
    loader.exec_module(new_module)
  File "<frozen importlib._bootstrap_external>", line 850, in exec_module
  File "<frozen importlib._bootstrap>", line 228, in _call_with_frames_removed
  File "/opt/airflow/dags/reddit_dag.py", line 10, in <module>
    from pipelines.reddit_pipeline import reddit_pipeline
ModuleNotFoundError: No module named 'pipelines'
[2025-02-20T23:51:29.737+0000] {processor.py:927} WARNING - No viable dags retrieved from /opt/airflow/dags/reddit_dag.py
[2025-02-20T23:51:29.753+0000] {processor.py:208} INFO - Processing /opt/airflow/dags/reddit_dag.py took 0.041 seconds
[2025-02-20T23:52:00.084+0000] {processor.py:186} INFO - Started process (PID=74) to work on /opt/airflow/dags/reddit_dag.py
[2025-02-20T23:52:00.085+0000] {processor.py:914} INFO - Processing file /opt/airflow/dags/reddit_dag.py for tasks to queue
[2025-02-20T23:52:00.087+0000] {logging_mixin.py:190} INFO - [2025-02-20T23:52:00.086+0000] {dagbag.py:588} INFO - Filling up the DagBag from /opt/airflow/dags/reddit_dag.py
[2025-02-20T23:52:00.091+0000] {logging_mixin.py:190} INFO - [2025-02-20T23:52:00.090+0000] {dagbag.py:387} ERROR - Failed to import: /opt/airflow/dags/reddit_dag.py
Traceback (most recent call last):
  File "/home/airflow/.local/lib/python3.9/site-packages/airflow/models/dagbag.py", line 383, in parse
    loader.exec_module(new_module)
  File "<frozen importlib._bootstrap_external>", line 850, in exec_module
  File "<frozen importlib._bootstrap>", line 228, in _call_with_frames_removed
  File "/opt/airflow/dags/reddit_dag.py", line 10, in <module>
    from pipelines.reddit_pipeline import reddit_pipeline
ModuleNotFoundError: No module named 'pipelines'
[2025-02-20T23:52:00.091+0000] {processor.py:927} WARNING - No viable dags retrieved from /opt/airflow/dags/reddit_dag.py
[2025-02-20T23:52:00.104+0000] {processor.py:208} INFO - Processing /opt/airflow/dags/reddit_dag.py took 0.028 seconds
[2025-02-20T23:52:24.401+0000] {processor.py:186} INFO - Started process (PID=75) to work on /opt/airflow/dags/reddit_dag.py
[2025-02-20T23:52:24.404+0000] {processor.py:914} INFO - Processing file /opt/airflow/dags/reddit_dag.py for tasks to queue
[2025-02-20T23:52:24.414+0000] {logging_mixin.py:190} INFO - [2025-02-20T23:52:24.414+0000] {dagbag.py:588} INFO - Filling up the DagBag from /opt/airflow/dags/reddit_dag.py
[2025-02-20T23:52:24.421+0000] {logging_mixin.py:190} INFO - [2025-02-20T23:52:24.420+0000] {dagbag.py:387} ERROR - Failed to import: /opt/airflow/dags/reddit_dag.py
Traceback (most recent call last):
  File "/home/airflow/.local/lib/python3.9/site-packages/airflow/models/dagbag.py", line 383, in parse
    loader.exec_module(new_module)
  File "<frozen importlib._bootstrap_external>", line 850, in exec_module
  File "<frozen importlib._bootstrap>", line 228, in _call_with_frames_removed
  File "/opt/airflow/dags/reddit_dag.py", line 11, in <module>
    from pipelines.reddit_pipeline import reddit_pipeline
ModuleNotFoundError: No module named 'pipelines'
[2025-02-20T23:52:24.422+0000] {processor.py:927} WARNING - No viable dags retrieved from /opt/airflow/dags/reddit_dag.py
[2025-02-20T23:52:24.441+0000] {processor.py:208} INFO - Processing /opt/airflow/dags/reddit_dag.py took 0.066 seconds
[2025-02-20T23:52:54.746+0000] {processor.py:186} INFO - Started process (PID=76) to work on /opt/airflow/dags/reddit_dag.py
[2025-02-20T23:52:54.747+0000] {processor.py:914} INFO - Processing file /opt/airflow/dags/reddit_dag.py for tasks to queue
[2025-02-20T23:52:54.749+0000] {logging_mixin.py:190} INFO - [2025-02-20T23:52:54.749+0000] {dagbag.py:588} INFO - Filling up the DagBag from /opt/airflow/dags/reddit_dag.py
[2025-02-20T23:52:54.753+0000] {logging_mixin.py:190} INFO - [2025-02-20T23:52:54.752+0000] {dagbag.py:387} ERROR - Failed to import: /opt/airflow/dags/reddit_dag.py
Traceback (most recent call last):
  File "/home/airflow/.local/lib/python3.9/site-packages/airflow/models/dagbag.py", line 383, in parse
    loader.exec_module(new_module)
  File "<frozen importlib._bootstrap_external>", line 850, in exec_module
  File "<frozen importlib._bootstrap>", line 228, in _call_with_frames_removed
  File "/opt/airflow/dags/reddit_dag.py", line 11, in <module>
    from pipelines.reddit_pipeline import reddit_pipeline
ModuleNotFoundError: No module named 'pipelines'
[2025-02-20T23:52:54.753+0000] {processor.py:927} WARNING - No viable dags retrieved from /opt/airflow/dags/reddit_dag.py
[2025-02-20T23:52:54.767+0000] {processor.py:208} INFO - Processing /opt/airflow/dags/reddit_dag.py took 0.029 seconds
[2025-02-20T23:53:25.113+0000] {processor.py:186} INFO - Started process (PID=77) to work on /opt/airflow/dags/reddit_dag.py
[2025-02-20T23:53:25.114+0000] {processor.py:914} INFO - Processing file /opt/airflow/dags/reddit_dag.py for tasks to queue
[2025-02-20T23:53:25.117+0000] {logging_mixin.py:190} INFO - [2025-02-20T23:53:25.117+0000] {dagbag.py:588} INFO - Filling up the DagBag from /opt/airflow/dags/reddit_dag.py
[2025-02-20T23:53:25.123+0000] {logging_mixin.py:190} INFO - [2025-02-20T23:53:25.122+0000] {dagbag.py:387} ERROR - Failed to import: /opt/airflow/dags/reddit_dag.py
Traceback (most recent call last):
  File "/home/airflow/.local/lib/python3.9/site-packages/airflow/models/dagbag.py", line 383, in parse
    loader.exec_module(new_module)
  File "<frozen importlib._bootstrap_external>", line 850, in exec_module
  File "<frozen importlib._bootstrap>", line 228, in _call_with_frames_removed
  File "/opt/airflow/dags/reddit_dag.py", line 11, in <module>
    from pipelines.reddit_pipeline import reddit_pipeline
ModuleNotFoundError: No module named 'pipelines'
[2025-02-20T23:53:25.124+0000] {processor.py:927} WARNING - No viable dags retrieved from /opt/airflow/dags/reddit_dag.py
[2025-02-20T23:53:25.142+0000] {processor.py:208} INFO - Processing /opt/airflow/dags/reddit_dag.py took 0.038 seconds
[2025-02-20T23:53:55.454+0000] {processor.py:186} INFO - Started process (PID=78) to work on /opt/airflow/dags/reddit_dag.py
[2025-02-20T23:53:55.455+0000] {processor.py:914} INFO - Processing file /opt/airflow/dags/reddit_dag.py for tasks to queue
[2025-02-20T23:53:55.456+0000] {logging_mixin.py:190} INFO - [2025-02-20T23:53:55.456+0000] {dagbag.py:588} INFO - Filling up the DagBag from /opt/airflow/dags/reddit_dag.py
[2025-02-20T23:53:55.459+0000] {logging_mixin.py:190} INFO - [2025-02-20T23:53:55.459+0000] {dagbag.py:387} ERROR - Failed to import: /opt/airflow/dags/reddit_dag.py
Traceback (most recent call last):
  File "/home/airflow/.local/lib/python3.9/site-packages/airflow/models/dagbag.py", line 383, in parse
    loader.exec_module(new_module)
  File "<frozen importlib._bootstrap_external>", line 850, in exec_module
  File "<frozen importlib._bootstrap>", line 228, in _call_with_frames_removed
  File "/opt/airflow/dags/reddit_dag.py", line 11, in <module>
    from pipelines.reddit_pipeline import reddit_pipeline
ModuleNotFoundError: No module named 'pipelines'
[2025-02-20T23:53:55.459+0000] {processor.py:927} WARNING - No viable dags retrieved from /opt/airflow/dags/reddit_dag.py
[2025-02-20T23:53:55.469+0000] {processor.py:208} INFO - Processing /opt/airflow/dags/reddit_dag.py took 0.024 seconds
[2025-02-20T23:54:25.842+0000] {processor.py:186} INFO - Started process (PID=79) to work on /opt/airflow/dags/reddit_dag.py
[2025-02-20T23:54:25.843+0000] {processor.py:914} INFO - Processing file /opt/airflow/dags/reddit_dag.py for tasks to queue
[2025-02-20T23:54:25.846+0000] {logging_mixin.py:190} INFO - [2025-02-20T23:54:25.846+0000] {dagbag.py:588} INFO - Filling up the DagBag from /opt/airflow/dags/reddit_dag.py
[2025-02-20T23:54:25.852+0000] {logging_mixin.py:190} INFO - [2025-02-20T23:54:25.851+0000] {dagbag.py:387} ERROR - Failed to import: /opt/airflow/dags/reddit_dag.py
Traceback (most recent call last):
  File "/home/airflow/.local/lib/python3.9/site-packages/airflow/models/dagbag.py", line 383, in parse
    loader.exec_module(new_module)
  File "<frozen importlib._bootstrap_external>", line 850, in exec_module
  File "<frozen importlib._bootstrap>", line 228, in _call_with_frames_removed
  File "/opt/airflow/dags/reddit_dag.py", line 11, in <module>
    from pipelines.reddit_pipeline import reddit_pipeline
ModuleNotFoundError: No module named 'pipelines'
[2025-02-20T23:54:25.852+0000] {processor.py:927} WARNING - No viable dags retrieved from /opt/airflow/dags/reddit_dag.py
[2025-02-20T23:54:25.874+0000] {processor.py:208} INFO - Processing /opt/airflow/dags/reddit_dag.py took 0.042 seconds
[2025-02-20T23:54:56.180+0000] {processor.py:186} INFO - Started process (PID=80) to work on /opt/airflow/dags/reddit_dag.py
[2025-02-20T23:54:56.180+0000] {processor.py:914} INFO - Processing file /opt/airflow/dags/reddit_dag.py for tasks to queue
[2025-02-20T23:54:56.182+0000] {logging_mixin.py:190} INFO - [2025-02-20T23:54:56.182+0000] {dagbag.py:588} INFO - Filling up the DagBag from /opt/airflow/dags/reddit_dag.py
[2025-02-20T23:54:56.186+0000] {logging_mixin.py:190} INFO - [2025-02-20T23:54:56.185+0000] {dagbag.py:387} ERROR - Failed to import: /opt/airflow/dags/reddit_dag.py
Traceback (most recent call last):
  File "/home/airflow/.local/lib/python3.9/site-packages/airflow/models/dagbag.py", line 383, in parse
    loader.exec_module(new_module)
  File "<frozen importlib._bootstrap_external>", line 850, in exec_module
  File "<frozen importlib._bootstrap>", line 228, in _call_with_frames_removed
  File "/opt/airflow/dags/reddit_dag.py", line 11, in <module>
    from pipelines.reddit_pipeline import reddit_pipeline
ModuleNotFoundError: No module named 'pipelines'
[2025-02-20T23:54:56.186+0000] {processor.py:927} WARNING - No viable dags retrieved from /opt/airflow/dags/reddit_dag.py
[2025-02-20T23:54:56.197+0000] {processor.py:208} INFO - Processing /opt/airflow/dags/reddit_dag.py took 0.024 seconds
[2025-02-20T23:57:27.691+0000] {processor.py:186} INFO - Started process (PID=37) to work on /opt/airflow/dags/reddit_dag.py
[2025-02-20T23:57:27.692+0000] {processor.py:914} INFO - Processing file /opt/airflow/dags/reddit_dag.py for tasks to queue
[2025-02-20T23:57:27.693+0000] {logging_mixin.py:190} INFO - [2025-02-20T23:57:27.693+0000] {dagbag.py:588} INFO - Filling up the DagBag from /opt/airflow/dags/reddit_dag.py
[2025-02-20T23:57:27.699+0000] {logging_mixin.py:190} INFO - [2025-02-20T23:57:27.698+0000] {dagbag.py:387} ERROR - Failed to import: /opt/airflow/dags/reddit_dag.py
Traceback (most recent call last):
  File "/home/airflow/.local/lib/python3.9/site-packages/airflow/models/dagbag.py", line 383, in parse
    loader.exec_module(new_module)
  File "<frozen importlib._bootstrap_external>", line 850, in exec_module
  File "<frozen importlib._bootstrap>", line 228, in _call_with_frames_removed
  File "/opt/airflow/dags/reddit_dag.py", line 11, in <module>
    from pipelines.reddit_pipeline import reddit_pipeline
ModuleNotFoundError: No module named 'pipelines.reddit_pipeline'
[2025-02-20T23:57:27.699+0000] {processor.py:927} WARNING - No viable dags retrieved from /opt/airflow/dags/reddit_dag.py
[2025-02-20T23:57:27.708+0000] {processor.py:208} INFO - Processing /opt/airflow/dags/reddit_dag.py took 0.021 seconds
[2025-02-20T23:57:58.001+0000] {processor.py:186} INFO - Started process (PID=38) to work on /opt/airflow/dags/reddit_dag.py
[2025-02-20T23:57:58.002+0000] {processor.py:914} INFO - Processing file /opt/airflow/dags/reddit_dag.py for tasks to queue
[2025-02-20T23:57:58.004+0000] {logging_mixin.py:190} INFO - [2025-02-20T23:57:58.003+0000] {dagbag.py:588} INFO - Filling up the DagBag from /opt/airflow/dags/reddit_dag.py
[2025-02-20T23:57:58.008+0000] {logging_mixin.py:190} INFO - [2025-02-20T23:57:58.008+0000] {dagbag.py:387} ERROR - Failed to import: /opt/airflow/dags/reddit_dag.py
Traceback (most recent call last):
  File "/home/airflow/.local/lib/python3.9/site-packages/airflow/models/dagbag.py", line 383, in parse
    loader.exec_module(new_module)
  File "<frozen importlib._bootstrap_external>", line 850, in exec_module
  File "<frozen importlib._bootstrap>", line 228, in _call_with_frames_removed
  File "/opt/airflow/dags/reddit_dag.py", line 11, in <module>
    from pipelines.reddit_pipeline import reddit_pipeline
ModuleNotFoundError: No module named 'pipelines.reddit_pipeline'
[2025-02-20T23:57:58.009+0000] {processor.py:927} WARNING - No viable dags retrieved from /opt/airflow/dags/reddit_dag.py
[2025-02-20T23:57:58.022+0000] {processor.py:208} INFO - Processing /opt/airflow/dags/reddit_dag.py took 0.026 seconds
[2025-02-20T23:58:28.391+0000] {processor.py:186} INFO - Started process (PID=39) to work on /opt/airflow/dags/reddit_dag.py
[2025-02-20T23:58:28.392+0000] {processor.py:914} INFO - Processing file /opt/airflow/dags/reddit_dag.py for tasks to queue
[2025-02-20T23:58:28.395+0000] {logging_mixin.py:190} INFO - [2025-02-20T23:58:28.394+0000] {dagbag.py:588} INFO - Filling up the DagBag from /opt/airflow/dags/reddit_dag.py
[2025-02-20T23:58:28.399+0000] {logging_mixin.py:190} INFO - [2025-02-20T23:58:28.398+0000] {dagbag.py:387} ERROR - Failed to import: /opt/airflow/dags/reddit_dag.py
Traceback (most recent call last):
  File "/home/airflow/.local/lib/python3.9/site-packages/airflow/models/dagbag.py", line 383, in parse
    loader.exec_module(new_module)
  File "<frozen importlib._bootstrap_external>", line 850, in exec_module
  File "<frozen importlib._bootstrap>", line 228, in _call_with_frames_removed
  File "/opt/airflow/dags/reddit_dag.py", line 11, in <module>
    from pipelines.reddit_pipeline import reddit_pipeline
ModuleNotFoundError: No module named 'pipelines.reddit_pipeline'
[2025-02-20T23:58:28.399+0000] {processor.py:927} WARNING - No viable dags retrieved from /opt/airflow/dags/reddit_dag.py
[2025-02-20T23:58:28.411+0000] {processor.py:208} INFO - Processing /opt/airflow/dags/reddit_dag.py took 0.030 seconds
[2025-02-20T23:58:58.715+0000] {processor.py:186} INFO - Started process (PID=40) to work on /opt/airflow/dags/reddit_dag.py
[2025-02-20T23:58:58.716+0000] {processor.py:914} INFO - Processing file /opt/airflow/dags/reddit_dag.py for tasks to queue
[2025-02-20T23:58:58.719+0000] {logging_mixin.py:190} INFO - [2025-02-20T23:58:58.719+0000] {dagbag.py:588} INFO - Filling up the DagBag from /opt/airflow/dags/reddit_dag.py
[2025-02-20T23:58:58.725+0000] {logging_mixin.py:190} INFO - [2025-02-20T23:58:58.724+0000] {dagbag.py:387} ERROR - Failed to import: /opt/airflow/dags/reddit_dag.py
Traceback (most recent call last):
  File "/home/airflow/.local/lib/python3.9/site-packages/airflow/models/dagbag.py", line 383, in parse
    loader.exec_module(new_module)
  File "<frozen importlib._bootstrap_external>", line 850, in exec_module
  File "<frozen importlib._bootstrap>", line 228, in _call_with_frames_removed
  File "/opt/airflow/dags/reddit_dag.py", line 11, in <module>
    from pipelines.reddit_pipeline import reddit_pipeline
ModuleNotFoundError: No module named 'pipelines.reddit_pipeline'
[2025-02-20T23:58:58.725+0000] {processor.py:927} WARNING - No viable dags retrieved from /opt/airflow/dags/reddit_dag.py
[2025-02-20T23:58:58.738+0000] {processor.py:208} INFO - Processing /opt/airflow/dags/reddit_dag.py took 0.031 seconds
[2025-02-20T23:59:29.109+0000] {processor.py:186} INFO - Started process (PID=41) to work on /opt/airflow/dags/reddit_dag.py
[2025-02-20T23:59:29.110+0000] {processor.py:914} INFO - Processing file /opt/airflow/dags/reddit_dag.py for tasks to queue
[2025-02-20T23:59:29.112+0000] {logging_mixin.py:190} INFO - [2025-02-20T23:59:29.112+0000] {dagbag.py:588} INFO - Filling up the DagBag from /opt/airflow/dags/reddit_dag.py
[2025-02-20T23:59:29.116+0000] {logging_mixin.py:190} INFO - [2025-02-20T23:59:29.116+0000] {dagbag.py:387} ERROR - Failed to import: /opt/airflow/dags/reddit_dag.py
Traceback (most recent call last):
  File "/home/airflow/.local/lib/python3.9/site-packages/airflow/models/dagbag.py", line 383, in parse
    loader.exec_module(new_module)
  File "<frozen importlib._bootstrap_external>", line 850, in exec_module
  File "<frozen importlib._bootstrap>", line 228, in _call_with_frames_removed
  File "/opt/airflow/dags/reddit_dag.py", line 11, in <module>
    from pipelines.reddit_pipeline import reddit_pipeline
ModuleNotFoundError: No module named 'pipelines.reddit_pipeline'
[2025-02-20T23:59:29.117+0000] {processor.py:927} WARNING - No viable dags retrieved from /opt/airflow/dags/reddit_dag.py
[2025-02-20T23:59:29.129+0000] {processor.py:208} INFO - Processing /opt/airflow/dags/reddit_dag.py took 0.026 seconds
[2025-02-20T23:59:59.499+0000] {processor.py:186} INFO - Started process (PID=42) to work on /opt/airflow/dags/reddit_dag.py
[2025-02-20T23:59:59.500+0000] {processor.py:914} INFO - Processing file /opt/airflow/dags/reddit_dag.py for tasks to queue
[2025-02-20T23:59:59.503+0000] {logging_mixin.py:190} INFO - [2025-02-20T23:59:59.502+0000] {dagbag.py:588} INFO - Filling up the DagBag from /opt/airflow/dags/reddit_dag.py
[2025-02-20T23:59:59.509+0000] {logging_mixin.py:190} INFO - [2025-02-20T23:59:59.508+0000] {dagbag.py:387} ERROR - Failed to import: /opt/airflow/dags/reddit_dag.py
Traceback (most recent call last):
  File "/home/airflow/.local/lib/python3.9/site-packages/airflow/models/dagbag.py", line 383, in parse
    loader.exec_module(new_module)
  File "<frozen importlib._bootstrap_external>", line 850, in exec_module
  File "<frozen importlib._bootstrap>", line 228, in _call_with_frames_removed
  File "/opt/airflow/dags/reddit_dag.py", line 11, in <module>
    from pipelines.reddit_pipeline import reddit_pipeline
ModuleNotFoundError: No module named 'pipelines.reddit_pipeline'
[2025-02-20T23:59:59.509+0000] {processor.py:927} WARNING - No viable dags retrieved from /opt/airflow/dags/reddit_dag.py
[2025-02-20T23:59:59.525+0000] {processor.py:208} INFO - Processing /opt/airflow/dags/reddit_dag.py took 0.034 seconds
